AREA .  .ABS.
	RADIX HEX
	BASE 0000
	SIZE 0000
	ATTRIB ABS OVR
	GLOBALS
		l__HEAP	0000
		l__BSEG	0000
		l_.  .ABS.	0000
		l__GSFINAL	0000
		l__ISEG	0000
		s_.  .ABS.	0000
		s__HEADER	0000
		l__XSEG	0000
		.init	0000
		l__OVERLAY	0000
		l__LIT	0000
		s__SFR	0000
		l__GSINITTAIL	0001
		l__BSS	0087
		l__HOME	01AC
		l__HEADER	01EB
		s__CODE	0200
		l__DATA	05F1
		l__BASE	1CF8
		l__GSINIT	23A5
		l__CODE	3A74
		s__HOME	3C74
		s__BASE	3E20
		s__LIT	5B18
		s__GSINIT	5B18
		s__GSINITTAIL	7EBD
		s__GSFINAL	7EBE
		.OAM	C000
		s__DATA	C0A0
		s__BSS	C691
		s__HEAP	C718
		s__BSEG	C718
		s__ISEG	C718
		s__XSEG	C718
		s__OVERLAY	C718
		.STACK	E000
		.refresh_OAM	FF80
		l__SFR	10000
AREA _CODE
	RADIX HEX
	BASE 0200
	SIZE 3A74
	ATTRIB REL CON
	GLOBALS
		_pdelay	0200
		_background_data	0214
		_background_map	0374
		_Splashscreen_data	04DC
		_Splashscreen_map	101C
		_zombie_background_data	1184
		_zombie_background_map	1764
		_canWalk	18CC
		_whereStandingDoor	1947
		_fadeOut	19BD
		_fadeIn	1A14
		_fight	1A5B
		_clearsprites	1D74
		_main	1D95
		_putchar	3503
		_setchar	350C
		_gotoxy	3515
		_posx	3520
		_posy	3531
		.adv_gcurs	3542
		.circle	355F
		.horlin	3602
		.verlin	363A
		.circplot	3696
		.box	3714
		.line	37EA
		.xonly	390B
		.yonly	3A5A
		.plot	3A7B
		.wrbyte	3A98
		.getpix	3B1A
		.wrtchr	3B4F
		_gotogxy	3BB3
		_wrtchr	3BBE
		_getpix	3BD3
		_color	3BDF
		_circle	3BEE
		_box	3C08
		_line	3C2C
		_plot_point	3C44
		_plot	3C58
AREA _HEADER
	RADIX HEX
	BASE 0000
	SIZE 01EB
	ATTRIB ABS OVR
	GLOBALS
		_exit	01D2
AREA _HOME
	RADIX HEX
	BASE 3C74
	SIZE 01AC
	ATTRIB REL CON
	GLOBALS
		.set_mode	3C74
		.remove_VBL	3C84
		.remove_LCD	3C8A
		.remove_TIM	3C90
		.remove_SIO	3C96
		.remove_JOY	3C9C
		.add_VBL	3CA2
		.add_LCD	3CA8
		.add_TIM	3CAE
		.add_SIO	3CB4
		.add_JOY	3CBA
		.remove_int	3CC0
		.add_int	3CE0
		.wait_vbl_done	3CFC
		_wait_vbl_done	3CFC
		_display_off	3D13
		.display_off	3D13
		.serial_IO	3D34
		_mode	3D63
		_get_mode	3D6C
		_enable_interrupts	3D71
		_disable_interrupts	3D73
		_reset	3D75
		.reset	3D75
		_set_interrupts	3D7B
		_remove_VBL	3D86
		_remove_LCD	3D91
		_remove_TIM	3D9C
		_remove_SIO	3DA7
		_remove_JOY	3DB2
		_add_VBL	3DBD
		_add_LCD	3DC8
		_add_TIM	3DD3
		_add_SIO	3DDE
		_add_JOY	3DE9
		_clock	3DF4
		__printTStates	3DFD
		banked_call	3DFE
		banked_ret	3E17
AREA _BASE
	RADIX HEX
	BASE 3E20
	SIZE 1CF8
	ATTRIB REL CON
	GLOBALS
		.set_sprite_prop	3E20
		_set_sprite_prop	3E2D
		.padup	3E38
		_waitpadup	3E38
		.jpad	3E48
		.wait_pad	3E75
		_joypad	3E7C
		_waitpad	3E81
		.mv_sprite	3E8B
		_move_sprite	3E9A
		__modslong	3EA7
		__divslong	3EA7
		__mulslong	3EA7
		__divschar	3EA8
		__modschar	3EB4
		__divsint	3EBF
		__modsint	3ED0
		__divuchar	3EDF
		__moduchar	3EEB
		__divuint	3EF6
		__moduint	3F07
		.mod8	3F16
		.div8	3F16
		.mod16	3F1E
		.div16	3F1E
		.modu8	3F54
		.divu8	3F54
		.modu16	3F57
		.divu16	3F57
		_font_spect	3F94
		_set_win_data	4316
		_set_bkg_data	4316
		_set_sprite_data	4363
		_font_load_ibm_fixed	4392
		_font_ibm_fixed	4399
		_font_ibm_fixed_tiles	449B
		__mulschar	4C9B
		__muluchar	4C9B
		__mulsint	4CA7
		__muluint	4CA7
		.mulu16	4CBB
		.mul16	4CBB
		_font_italic	4CD1
		_font_ibm	503B
		.set_sprite_tile	53BD
		_set_sprite_tile	53CA
		font_copy_uncompressed	53D5
		font_copy_compressed	540B
		font_load	5460
		font_copy_current	54A8
		font_set	54F0
		.put_char	54FD
		.out_char	5516
		.del_char	551D
		_font_load	5578
		_font_set	5586
		_font_init	5595
		_cls	55B7
		.cls	55B7
		.cr_curs	55E9
		.adv_curs	55FE
		.tmode	565A
		.tmode_out	5683
		_font_min	5693
		.copy_vram	583D
		_get_data	584C
		_set_data	584C
		_set_bkg_tiles	585F
		.gmode	5873
		.vbl	58D5
		.lcd	58E0
		.draw_image	58ED
		.switch_data	58F7
		_switch_data	592E
		_draw_image	5949
		.y_table	595C
		.set_xy_wtt	5A7C
		.set_xy_btt	5A8D
		.set_xy_tt	5A9C
		_set_tiles	5ACD
		.init_vram	5AE6
		.init_wtt	5AF4
		.init_btt	5B04
		.init_tt	5B12
AREA _LIT
	RADIX HEX
	BASE 5B18
	SIZE 0000
	ATTRIB REL CON
AREA _GSINIT
	RADIX HEX
	BASE 5B18
	SIZE 23A5
	ATTRIB REL CON
	GLOBALS
		gsinit	5B18
AREA _GSINITTAIL
	RADIX HEX
	BASE 7EBD
	SIZE 0001
	ATTRIB REL CON
AREA _GSFINAL
	RADIX HEX
	BASE 7EBE
	SIZE 0000
	ATTRIB REL CON
AREA _DATA
	RADIX HEX
	BASE C0A0
	SIZE 05F1
	ATTRIB REL CON
	GLOBALS
		_door	C0A0
		_doorLeft	C0E0
		_heroSide	C120
		_heroIdle	C420
		_heroDown	C520
		_heroUp	C5A0
		_pointer	C620
		_heart	C640
		_oneTwoThree	C660
		_hp	C690
AREA _BSS
	RADIX HEX
	BASE C691
	SIZE 0087
	ATTRIB REL CON
	GLOBALS
		__cpu	C691
		.mode	C692
		__io_out	C693
		__io_in	C694
		__io_status	C695
		.vbl_done	C696
		__current_bank	C697
		_sys_time	C698
		.sys_time	C698
		.int_0x40	C69A
		.int_0x48	C6AA
		.int_0x50	C6BA
		.int_0x58	C6CA
		.int_0x60	C6DA
		font_current	C6ED
		font_first_free_tile	C6F0
		font_table	C6F1
		.curx	C703
		.cury	C704
		.fg_colour	C705
		.bg_colour	C706
AREA _HEAP
	RADIX HEX
	BASE C718
	SIZE 0000
	ATTRIB REL CON
	GLOBALS
		_malloc_heap_start	C718
AREA _OVERLAY
	RADIX HEX
	BASE C718
	SIZE 0000
	ATTRIB REL CON
AREA _ISEG
	RADIX HEX
	BASE C718
	SIZE 0000
	ATTRIB REL CON
AREA _BSEG
	RADIX HEX
	BASE C718
	SIZE 0000
	ATTRIB REL CON
AREA _XSEG
	RADIX HEX
	BASE C718
	SIZE 0000
	ATTRIB REL CON
AREA _SFR
	RADIX HEX
	BASE 0000
	SIZE 10000
	ATTRIB ABS OVR
	GLOBALS
		_P1_REG	FF00
		_SB_REG	FF01
		_SC_REG	FF02
		_DIV_REG	FF04
		_TIMA_REG	FF05
		_TMA_REG	FF06
		_TAC_REG	FF07
		_IF_REG	FF0F
		_NR10_REG	FF10
		_NR11_REG	FF11
		_NR12_REG	FF12
		_NR13_REG	FF13
		_NR14_REG	FF14
		_NR21_REG	FF16
		_NR22_REG	FF17
		_NR23_REG	FF18
		_NR24_REG	FF19
		_NR30_REG	FF1A
		_NR31_REG	FF1B
		_NR32_REG	FF1C
		_NR33_REG	FF1D
		_NR34_REG	FF1E
		_NR41_REG	FF20
		_NR42_REG	FF21
		_NR43_REG	FF22
		_NR44_REG	FF23
		_NR50_REG	FF24
		_NR51_REG	FF25
		_NR52_REG	FF26
		_LCDC_REG	FF40
		_STAT_REG	FF41
		_SCY_REG	FF42
		_SCX_REG	FF43
		_LY_REG	FF44
		_LYC_REG	FF45
		_DMA_REG	FF46
		_BGP_REG	FF47
		_OBP0_REG	FF48
		_OBP1_REG	FF49
		_WY_REG	FF4A
		_WX_REG	FF4B
		_KEY1_REG	FF4D
		_VBK_REG	FF4F
		_HDMA1_REG	FF51
		_HDMA2_REG	FF52
		_HDMA3_REG	FF53
		_HDMA4_REG	FF54
		_HDMA5_REG	FF55
		_RP_REG	FF56
		_BCPS_REG	FF68
		_BCPD_REG	FF69
		_OCPS_REG	FF6A
		_OCPD_REG	FF6B
		_SVBK_REG	FF70
		_IE_REG	FFFF
MODULES
	FILE c:\gbdk\lib/small/asxxxx/gb/crt0.o
		NAME Runtime
	FILE main.o
		NAME lcc120080
LIBRARIES
	LIBRARY c:\gbdk\lib/small/asxxxx/gb/gb.lib
		MODULE sfr.o
	LIBRARY c:\gbdk\lib/small/asxxxx/gb/gb.lib
		MODULE set_prop.o
	LIBRARY c:\gbdk\lib/small/asxxxx/gb/gb.lib
		MODULE pad.o
	LIBRARY c:\gbdk\lib/small/asxxxx/gb/gb.lib
		MODULE mv_spr.o
	LIBRARY c:\gbdk\lib/small/asxxxx/gbz80/gbz80.lib
		MODULE div.o
	LIBRARY c:\gbdk\lib/small/asxxxx/gb/gb.lib
		MODULE f_spect.o
	LIBRARY c:\gbdk\lib/small/asxxxx/gb/gb.lib
		MODULE set_data.o
	LIBRARY c:\gbdk\lib/small/asxxxx/gb/gb.lib
		MODULE ibmfixed.o
	LIBRARY c:\gbdk\lib/small/asxxxx/gbz80/gbz80.lib
		MODULE mul.o
	LIBRARY c:\gbdk\lib/small/asxxxx/gb/gb.lib
		MODULE f_italic.o
	LIBRARY c:\gbdk\lib/small/asxxxx/gb/gb.lib
		MODULE f_ibm_sh.o
	LIBRARY c:\gbdk\lib/small/asxxxx/gb/gb.lib
		MODULE set_spr.o
	LIBRARY c:\gbdk\lib/small/asxxxx/gb/gb.lib
		MODULE font.o
	LIBRARY c:\gbdk\lib/small/asxxxx/gb/gb.lib
		MODULE f_min.o
	LIBRARY c:\gbdk\lib/small/asxxxx/gb/gb.lib
		MODULE cpy_data.o
	LIBRARY c:\gbdk\lib/small/asxxxx/gb/gb.lib
		MODULE set_bk_t.o
	LIBRARY c:\gbdk\lib/small/asxxxx/gb/gb.lib
		MODULE drawing.o
	LIBRARY c:\gbdk\lib/small/asxxxx/gb/gb.lib
		MODULE set_xy_t.o
	LIBRARY c:\gbdk\lib/small/asxxxx/gb/gb.lib
		MODULE init_tt.o
USERBASEDEF
	_CODE=0x0200
	_DATA=0xC0A0
	_CODE_1=0x4000
USERGLOBALDEF
	.OAM=0xC000
	.STACK=0xE000
	.refresh_OAM=0xFF80
	.init=0x0000
