AREA .  .ABS.
	RADIX HEX
	BASE 0000
	SIZE 0000
	ATTRIB ABS OVR
	GLOBALS
		l__HEAP	0000
		l__BSEG	0000
		l_.  .ABS.	0000
		l__GSFINAL	0000
		l__ISEG	0000
		s_.  .ABS.	0000
		s__HEADER	0000
		l__XSEG	0000
		.init	0000
		l__OVERLAY	0000
		l__LIT	0000
		s__SFR	0000
		l__GSINITTAIL	0001
		l__BSS	0084
		l__HOME	01AC
		l__HEADER	01EB
		s__CODE	0200
		l__DATA	0580
		l__BASE	1C0B
		l__GSINIT	2100
		l__CODE	2F1F
		s__HOME	311F
		s__BASE	32CB
		s__LIT	4ED6
		s__GSINIT	4ED6
		s__GSINITTAIL	6FD6
		s__GSFINAL	6FD7
		.OAM	C000
		s__DATA	C0A0
		s__BSS	C620
		s__HEAP	C6A4
		s__BSEG	C6A4
		s__ISEG	C6A4
		s__XSEG	C6A4
		s__OVERLAY	C6A4
		.STACK	E000
		.refresh_OAM	FF80
		l__SFR	10000
AREA _CODE
	RADIX HEX
	BASE 0200
	SIZE 2F1F
	ATTRIB REL CON
	GLOBALS
		_pdelay	0200
		_background_data	0214
		_background_map	0374
		_Splashscreen_data	04DC
		_Splashscreen_map	101C
		_canWalk	1184
		_whereStandingDoor	11FF
		_fadeOut	1276
		_fadeIn	12CD
		_main	1314
		_putchar	29AE
		_setchar	29B7
		_gotoxy	29C0
		_posx	29CB
		_posy	29DC
		.adv_gcurs	29ED
		.circle	2A0A
		.horlin	2AAD
		.verlin	2AE5
		.circplot	2B41
		.box	2BBF
		.line	2C95
		.xonly	2DB6
		.yonly	2F05
		.plot	2F26
		.wrbyte	2F43
		.getpix	2FC5
		.wrtchr	2FFA
		_gotogxy	305E
		_wrtchr	3069
		_getpix	307E
		_color	308A
		_circle	3099
		_box	30B3
		_line	30D7
		_plot_point	30EF
		_plot	3103
AREA _HEADER
	RADIX HEX
	BASE 0000
	SIZE 01EB
	ATTRIB ABS OVR
	GLOBALS
		_exit	01D2
AREA _HOME
	RADIX HEX
	BASE 311F
	SIZE 01AC
	ATTRIB REL CON
	GLOBALS
		.set_mode	311F
		.remove_VBL	312F
		.remove_LCD	3135
		.remove_TIM	313B
		.remove_SIO	3141
		.remove_JOY	3147
		.add_VBL	314D
		.add_LCD	3153
		.add_TIM	3159
		.add_SIO	315F
		.add_JOY	3165
		.remove_int	316B
		.add_int	318B
		.wait_vbl_done	31A7
		_wait_vbl_done	31A7
		_display_off	31BE
		.display_off	31BE
		.serial_IO	31DF
		_mode	320E
		_get_mode	3217
		_enable_interrupts	321C
		_disable_interrupts	321E
		_reset	3220
		.reset	3220
		_set_interrupts	3226
		_remove_VBL	3231
		_remove_LCD	323C
		_remove_TIM	3247
		_remove_SIO	3252
		_remove_JOY	325D
		_add_VBL	3268
		_add_LCD	3273
		_add_TIM	327E
		_add_SIO	3289
		_add_JOY	3294
		_clock	329F
		__printTStates	32A8
		banked_call	32A9
		banked_ret	32C2
AREA _BASE
	RADIX HEX
	BASE 32CB
	SIZE 1C0B
	ATTRIB REL CON
	GLOBALS
		.set_sprite_prop	32CB
		_set_sprite_prop	32D8
		.padup	32E3
		_waitpadup	32E3
		.jpad	32F3
		.wait_pad	3320
		_joypad	3327
		_waitpad	332C
		.mv_sprite	3336
		_move_sprite	3345
		_font_spect	3352
		_set_win_data	36D4
		_set_bkg_data	36D4
		_set_sprite_data	3721
		_font_load_ibm_fixed	3750
		_font_ibm_fixed	3757
		_font_ibm_fixed_tiles	3859
		__mulschar	4059
		__muluchar	4059
		__mulsint	4065
		__muluint	4065
		.mulu16	4079
		.mul16	4079
		_font_italic	408F
		_font_ibm	43F9
		.set_sprite_tile	477B
		_set_sprite_tile	4788
		font_copy_uncompressed	4793
		font_copy_compressed	47C9
		font_load	481E
		font_copy_current	4866
		font_set	48AE
		.put_char	48BB
		.out_char	48D4
		.del_char	48DB
		_font_load	4936
		_font_set	4944
		_font_init	4953
		_cls	4975
		.cls	4975
		.cr_curs	49A7
		.adv_curs	49BC
		.tmode	4A18
		.tmode_out	4A41
		_font_min	4A51
		.copy_vram	4BFB
		_get_data	4C0A
		_set_data	4C0A
		_set_bkg_tiles	4C1D
		.gmode	4C31
		.vbl	4C93
		.lcd	4C9E
		.draw_image	4CAB
		.switch_data	4CB5
		_switch_data	4CEC
		_draw_image	4D07
		.y_table	4D1A
		.set_xy_wtt	4E3A
		.set_xy_btt	4E4B
		.set_xy_tt	4E5A
		_set_tiles	4E8B
		.init_vram	4EA4
		.init_wtt	4EB2
		.init_btt	4EC2
		.init_tt	4ED0
AREA _LIT
	RADIX HEX
	BASE 4ED6
	SIZE 0000
	ATTRIB REL CON
AREA _GSINIT
	RADIX HEX
	BASE 4ED6
	SIZE 2100
	ATTRIB REL CON
	GLOBALS
		gsinit	4ED6
AREA _GSINITTAIL
	RADIX HEX
	BASE 6FD6
	SIZE 0001
	ATTRIB REL CON
AREA _GSFINAL
	RADIX HEX
	BASE 6FD7
	SIZE 0000
	ATTRIB REL CON
AREA _DATA
	RADIX HEX
	BASE C0A0
	SIZE 0580
	ATTRIB REL CON
	GLOBALS
		_door	C0A0
		_doorLeft	C0E0
		_heroSide	C120
		_heroIdle	C420
		_heroDown	C520
		_heroUp	C5A0
AREA _BSS
	RADIX HEX
	BASE C620
	SIZE 0084
	ATTRIB REL CON
	GLOBALS
		__cpu	C620
		.mode	C621
		__io_out	C622
		__io_in	C623
		__io_status	C624
		.vbl_done	C625
		__current_bank	C626
		_sys_time	C627
		.sys_time	C627
		.int_0x40	C629
		.int_0x48	C639
		.int_0x50	C649
		.int_0x58	C659
		.int_0x60	C669
		font_current	C679
		font_first_free_tile	C67C
		font_table	C67D
		.curx	C68F
		.cury	C690
		.fg_colour	C691
		.bg_colour	C692
AREA _HEAP
	RADIX HEX
	BASE C6A4
	SIZE 0000
	ATTRIB REL CON
	GLOBALS
		_malloc_heap_start	C6A4
AREA _OVERLAY
	RADIX HEX
	BASE C6A4
	SIZE 0000
	ATTRIB REL CON
AREA _ISEG
	RADIX HEX
	BASE C6A4
	SIZE 0000
	ATTRIB REL CON
AREA _BSEG
	RADIX HEX
	BASE C6A4
	SIZE 0000
	ATTRIB REL CON
AREA _XSEG
	RADIX HEX
	BASE C6A4
	SIZE 0000
	ATTRIB REL CON
AREA _SFR
	RADIX HEX
	BASE 0000
	SIZE 10000
	ATTRIB ABS OVR
	GLOBALS
		_P1_REG	FF00
		_SB_REG	FF01
		_SC_REG	FF02
		_DIV_REG	FF04
		_TIMA_REG	FF05
		_TMA_REG	FF06
		_TAC_REG	FF07
		_IF_REG	FF0F
		_NR10_REG	FF10
		_NR11_REG	FF11
		_NR12_REG	FF12
		_NR13_REG	FF13
		_NR14_REG	FF14
		_NR21_REG	FF16
		_NR22_REG	FF17
		_NR23_REG	FF18
		_NR24_REG	FF19
		_NR30_REG	FF1A
		_NR31_REG	FF1B
		_NR32_REG	FF1C
		_NR33_REG	FF1D
		_NR34_REG	FF1E
		_NR41_REG	FF20
		_NR42_REG	FF21
		_NR43_REG	FF22
		_NR44_REG	FF23
		_NR50_REG	FF24
		_NR51_REG	FF25
		_NR52_REG	FF26
		_LCDC_REG	FF40
		_STAT_REG	FF41
		_SCY_REG	FF42
		_SCX_REG	FF43
		_LY_REG	FF44
		_LYC_REG	FF45
		_DMA_REG	FF46
		_BGP_REG	FF47
		_OBP0_REG	FF48
		_OBP1_REG	FF49
		_WY_REG	FF4A
		_WX_REG	FF4B
		_KEY1_REG	FF4D
		_VBK_REG	FF4F
		_HDMA1_REG	FF51
		_HDMA2_REG	FF52
		_HDMA3_REG	FF53
		_HDMA4_REG	FF54
		_HDMA5_REG	FF55
		_RP_REG	FF56
		_BCPS_REG	FF68
		_BCPD_REG	FF69
		_OCPS_REG	FF6A
		_OCPD_REG	FF6B
		_SVBK_REG	FF70
		_IE_REG	FFFF
MODULES
	FILE c:\gbdk\lib/small/asxxxx/gb/crt0.o
		NAME Runtime
	FILE main.o
		NAME lcc78720
LIBRARIES
	LIBRARY c:\gbdk\lib/small/asxxxx/gb/gb.lib
		MODULE sfr.o
	LIBRARY c:\gbdk\lib/small/asxxxx/gb/gb.lib
		MODULE set_prop.o
	LIBRARY c:\gbdk\lib/small/asxxxx/gb/gb.lib
		MODULE pad.o
	LIBRARY c:\gbdk\lib/small/asxxxx/gb/gb.lib
		MODULE mv_spr.o
	LIBRARY c:\gbdk\lib/small/asxxxx/gb/gb.lib
		MODULE f_spect.o
	LIBRARY c:\gbdk\lib/small/asxxxx/gb/gb.lib
		MODULE set_data.o
	LIBRARY c:\gbdk\lib/small/asxxxx/gb/gb.lib
		MODULE ibmfixed.o
	LIBRARY c:\gbdk\lib/small/asxxxx/gbz80/gbz80.lib
		MODULE mul.o
	LIBRARY c:\gbdk\lib/small/asxxxx/gb/gb.lib
		MODULE f_italic.o
	LIBRARY c:\gbdk\lib/small/asxxxx/gb/gb.lib
		MODULE f_ibm_sh.o
	LIBRARY c:\gbdk\lib/small/asxxxx/gb/gb.lib
		MODULE set_spr.o
	LIBRARY c:\gbdk\lib/small/asxxxx/gb/gb.lib
		MODULE font.o
	LIBRARY c:\gbdk\lib/small/asxxxx/gb/gb.lib
		MODULE f_min.o
	LIBRARY c:\gbdk\lib/small/asxxxx/gb/gb.lib
		MODULE cpy_data.o
	LIBRARY c:\gbdk\lib/small/asxxxx/gb/gb.lib
		MODULE set_bk_t.o
	LIBRARY c:\gbdk\lib/small/asxxxx/gb/gb.lib
		MODULE drawing.o
	LIBRARY c:\gbdk\lib/small/asxxxx/gb/gb.lib
		MODULE set_xy_t.o
	LIBRARY c:\gbdk\lib/small/asxxxx/gb/gb.lib
		MODULE init_tt.o
USERBASEDEF
	_CODE=0x0200
	_DATA=0xC0A0
	_CODE_1=0x4000
USERGLOBALDEF
	.OAM=0xC000
	.STACK=0xE000
	.refresh_OAM=0xFF80
	.init=0x0000
