AREA .  .ABS.
	RADIX HEX
	BASE 0000
	SIZE 0000
	ATTRIB ABS OVR
	GLOBALS
		l__HEAP	0000
		l__BSEG	0000
		l_.  .ABS.	0000
		l__GSFINAL	0000
		l__ISEG	0000
		s_.  .ABS.	0000
		s__HEADER	0000
		l__XSEG	0000
		.init	0000
		l__OVERLAY	0000
		l__LIT	0000
		s__SFR	0000
		l__GSINITTAIL	0001
		l__BSS	0084
		l__HOME	01AC
		l__HEADER	01EB
		s__CODE	0200
		l__DATA	0580
		l__BASE	1C0B
		l__GSINIT	2100
		l__CODE	288F
		s__HOME	2A8F
		s__BASE	2C3B
		s__LIT	4846
		s__GSINIT	4846
		s__GSINITTAIL	6946
		s__GSFINAL	6947
		.OAM	C000
		s__DATA	C0A0
		s__BSS	C620
		s__HEAP	C6A4
		s__BSEG	C6A4
		s__ISEG	C6A4
		s__XSEG	C6A4
		s__OVERLAY	C6A4
		.STACK	E000
		.refresh_OAM	FF80
		l__SFR	10000
AREA _CODE
	RADIX HEX
	BASE 0200
	SIZE 288F
	ATTRIB REL CON
	GLOBALS
		_pdelay	0200
		_background_data	0214
		_background_map	0374
		_Splashscreen_data	04DC
		_Splashscreen_map	101C
		_canWalk	1184
		_main	11FF
		_putchar	231E
		_setchar	2327
		_gotoxy	2330
		_posx	233B
		_posy	234C
		.adv_gcurs	235D
		.circle	237A
		.horlin	241D
		.verlin	2455
		.circplot	24B1
		.box	252F
		.line	2605
		.xonly	2726
		.yonly	2875
		.plot	2896
		.wrbyte	28B3
		.getpix	2935
		.wrtchr	296A
		_gotogxy	29CE
		_wrtchr	29D9
		_getpix	29EE
		_color	29FA
		_circle	2A09
		_box	2A23
		_line	2A47
		_plot_point	2A5F
		_plot	2A73
AREA _HEADER
	RADIX HEX
	BASE 0000
	SIZE 01EB
	ATTRIB ABS OVR
	GLOBALS
		_exit	01D2
AREA _HOME
	RADIX HEX
	BASE 2A8F
	SIZE 01AC
	ATTRIB REL CON
	GLOBALS
		.set_mode	2A8F
		.remove_VBL	2A9F
		.remove_LCD	2AA5
		.remove_TIM	2AAB
		.remove_SIO	2AB1
		.remove_JOY	2AB7
		.add_VBL	2ABD
		.add_LCD	2AC3
		.add_TIM	2AC9
		.add_SIO	2ACF
		.add_JOY	2AD5
		.remove_int	2ADB
		.add_int	2AFB
		.wait_vbl_done	2B17
		_wait_vbl_done	2B17
		_display_off	2B2E
		.display_off	2B2E
		.serial_IO	2B4F
		_mode	2B7E
		_get_mode	2B87
		_enable_interrupts	2B8C
		_disable_interrupts	2B8E
		_reset	2B90
		.reset	2B90
		_set_interrupts	2B96
		_remove_VBL	2BA1
		_remove_LCD	2BAC
		_remove_TIM	2BB7
		_remove_SIO	2BC2
		_remove_JOY	2BCD
		_add_VBL	2BD8
		_add_LCD	2BE3
		_add_TIM	2BEE
		_add_SIO	2BF9
		_add_JOY	2C04
		_clock	2C0F
		__printTStates	2C18
		banked_call	2C19
		banked_ret	2C32
AREA _BASE
	RADIX HEX
	BASE 2C3B
	SIZE 1C0B
	ATTRIB REL CON
	GLOBALS
		.set_sprite_prop	2C3B
		_set_sprite_prop	2C48
		.padup	2C53
		_waitpadup	2C53
		.jpad	2C63
		.wait_pad	2C90
		_joypad	2C97
		_waitpad	2C9C
		.mv_sprite	2CA6
		_move_sprite	2CB5
		_font_spect	2CC2
		_set_win_data	3044
		_set_bkg_data	3044
		_set_sprite_data	3091
		_font_load_ibm_fixed	30C0
		_font_ibm_fixed	30C7
		_font_ibm_fixed_tiles	31C9
		__mulschar	39C9
		__muluchar	39C9
		__mulsint	39D5
		__muluint	39D5
		.mulu16	39E9
		.mul16	39E9
		_font_italic	39FF
		_font_ibm	3D69
		.set_sprite_tile	40EB
		_set_sprite_tile	40F8
		font_copy_uncompressed	4103
		font_copy_compressed	4139
		font_load	418E
		font_copy_current	41D6
		font_set	421E
		.put_char	422B
		.out_char	4244
		.del_char	424B
		_font_load	42A6
		_font_set	42B4
		_font_init	42C3
		_cls	42E5
		.cls	42E5
		.cr_curs	4317
		.adv_curs	432C
		.tmode	4388
		.tmode_out	43B1
		_font_min	43C1
		.copy_vram	456B
		_get_data	457A
		_set_data	457A
		_set_bkg_tiles	458D
		.gmode	45A1
		.vbl	4603
		.lcd	460E
		.draw_image	461B
		.switch_data	4625
		_switch_data	465C
		_draw_image	4677
		.y_table	468A
		.set_xy_wtt	47AA
		.set_xy_btt	47BB
		.set_xy_tt	47CA
		_set_tiles	47FB
		.init_vram	4814
		.init_wtt	4822
		.init_btt	4832
		.init_tt	4840
AREA _LIT
	RADIX HEX
	BASE 4846
	SIZE 0000
	ATTRIB REL CON
AREA _GSINIT
	RADIX HEX
	BASE 4846
	SIZE 2100
	ATTRIB REL CON
	GLOBALS
		gsinit	4846
AREA _GSINITTAIL
	RADIX HEX
	BASE 6946
	SIZE 0001
	ATTRIB REL CON
AREA _GSFINAL
	RADIX HEX
	BASE 6947
	SIZE 0000
	ATTRIB REL CON
AREA _DATA
	RADIX HEX
	BASE C0A0
	SIZE 0580
	ATTRIB REL CON
	GLOBALS
		_door	C0A0
		_doorLeft	C0E0
		_heroSide	C120
		_heroIdle	C420
		_heroDown	C520
		_heroUp	C5A0
AREA _BSS
	RADIX HEX
	BASE C620
	SIZE 0084
	ATTRIB REL CON
	GLOBALS
		__cpu	C620
		.mode	C621
		__io_out	C622
		__io_in	C623
		__io_status	C624
		.vbl_done	C625
		__current_bank	C626
		_sys_time	C627
		.sys_time	C627
		.int_0x40	C629
		.int_0x48	C639
		.int_0x50	C649
		.int_0x58	C659
		.int_0x60	C669
		font_current	C679
		font_first_free_tile	C67C
		font_table	C67D
		.curx	C68F
		.cury	C690
		.fg_colour	C691
		.bg_colour	C692
AREA _HEAP
	RADIX HEX
	BASE C6A4
	SIZE 0000
	ATTRIB REL CON
	GLOBALS
		_malloc_heap_start	C6A4
AREA _OVERLAY
	RADIX HEX
	BASE C6A4
	SIZE 0000
	ATTRIB REL CON
AREA _ISEG
	RADIX HEX
	BASE C6A4
	SIZE 0000
	ATTRIB REL CON
AREA _BSEG
	RADIX HEX
	BASE C6A4
	SIZE 0000
	ATTRIB REL CON
AREA _XSEG
	RADIX HEX
	BASE C6A4
	SIZE 0000
	ATTRIB REL CON
AREA _SFR
	RADIX HEX
	BASE 0000
	SIZE 10000
	ATTRIB ABS OVR
	GLOBALS
		_P1_REG	FF00
		_SB_REG	FF01
		_SC_REG	FF02
		_DIV_REG	FF04
		_TIMA_REG	FF05
		_TMA_REG	FF06
		_TAC_REG	FF07
		_IF_REG	FF0F
		_NR10_REG	FF10
		_NR11_REG	FF11
		_NR12_REG	FF12
		_NR13_REG	FF13
		_NR14_REG	FF14
		_NR21_REG	FF16
		_NR22_REG	FF17
		_NR23_REG	FF18
		_NR24_REG	FF19
		_NR30_REG	FF1A
		_NR31_REG	FF1B
		_NR32_REG	FF1C
		_NR33_REG	FF1D
		_NR34_REG	FF1E
		_NR41_REG	FF20
		_NR42_REG	FF21
		_NR43_REG	FF22
		_NR44_REG	FF23
		_NR50_REG	FF24
		_NR51_REG	FF25
		_NR52_REG	FF26
		_LCDC_REG	FF40
		_STAT_REG	FF41
		_SCY_REG	FF42
		_SCX_REG	FF43
		_LY_REG	FF44
		_LYC_REG	FF45
		_DMA_REG	FF46
		_BGP_REG	FF47
		_OBP0_REG	FF48
		_OBP1_REG	FF49
		_WY_REG	FF4A
		_WX_REG	FF4B
		_KEY1_REG	FF4D
		_VBK_REG	FF4F
		_HDMA1_REG	FF51
		_HDMA2_REG	FF52
		_HDMA3_REG	FF53
		_HDMA4_REG	FF54
		_HDMA5_REG	FF55
		_RP_REG	FF56
		_BCPS_REG	FF68
		_BCPD_REG	FF69
		_OCPS_REG	FF6A
		_OCPD_REG	FF6B
		_SVBK_REG	FF70
		_IE_REG	FFFF
MODULES
	FILE c:\gbdk\lib/small/asxxxx/gb/crt0.o
		NAME Runtime
	FILE main.o
		NAME lcc194480
LIBRARIES
	LIBRARY c:\gbdk\lib/small/asxxxx/gb/gb.lib
		MODULE sfr.o
	LIBRARY c:\gbdk\lib/small/asxxxx/gb/gb.lib
		MODULE set_prop.o
	LIBRARY c:\gbdk\lib/small/asxxxx/gb/gb.lib
		MODULE pad.o
	LIBRARY c:\gbdk\lib/small/asxxxx/gb/gb.lib
		MODULE mv_spr.o
	LIBRARY c:\gbdk\lib/small/asxxxx/gb/gb.lib
		MODULE f_spect.o
	LIBRARY c:\gbdk\lib/small/asxxxx/gb/gb.lib
		MODULE set_data.o
	LIBRARY c:\gbdk\lib/small/asxxxx/gb/gb.lib
		MODULE ibmfixed.o
	LIBRARY c:\gbdk\lib/small/asxxxx/gbz80/gbz80.lib
		MODULE mul.o
	LIBRARY c:\gbdk\lib/small/asxxxx/gb/gb.lib
		MODULE f_italic.o
	LIBRARY c:\gbdk\lib/small/asxxxx/gb/gb.lib
		MODULE f_ibm_sh.o
	LIBRARY c:\gbdk\lib/small/asxxxx/gb/gb.lib
		MODULE set_spr.o
	LIBRARY c:\gbdk\lib/small/asxxxx/gb/gb.lib
		MODULE font.o
	LIBRARY c:\gbdk\lib/small/asxxxx/gb/gb.lib
		MODULE f_min.o
	LIBRARY c:\gbdk\lib/small/asxxxx/gb/gb.lib
		MODULE cpy_data.o
	LIBRARY c:\gbdk\lib/small/asxxxx/gb/gb.lib
		MODULE set_bk_t.o
	LIBRARY c:\gbdk\lib/small/asxxxx/gb/gb.lib
		MODULE drawing.o
	LIBRARY c:\gbdk\lib/small/asxxxx/gb/gb.lib
		MODULE set_xy_t.o
	LIBRARY c:\gbdk\lib/small/asxxxx/gb/gb.lib
		MODULE init_tt.o
USERBASEDEF
	_CODE=0x0200
	_DATA=0xC0A0
	_CODE_1=0x4000
USERGLOBALDEF
	.OAM=0xC000
	.STACK=0xE000
	.refresh_OAM=0xFF80
	.init=0x0000
